###############################################################################
#
# IAR ELF Linker V8.40.1.212/W32 for ARM                  29/Aug/2019  19:27:56
# Copyright 2007-2019 IAR Systems AB.
#
#    Output file  =
#        C:\Users\yuri_\Desktop\embarcados\EK-TM4C1294_IAR8\Projects\lab1\Debug\Exe\lab1.out
#    Map file     =
#        C:\Users\yuri_\Desktop\embarcados\EK-TM4C1294_IAR8\Projects\lab1\Debug\List\lab1.map
#    Command line =
#        -f C:\Users\yuri_\AppData\Local\Temp\EW98.tmp
#        (C:\Users\yuri_\Desktop\embarcados\EK-TM4C1294_IAR8\TivaWare_C_Series-2.1.4.178\driverlib\ewarm\Exe\driverlib.a
#        C:\Users\yuri_\Desktop\embarcados\EK-TM4C1294_IAR8\Projects\lab1\Debug\Obj\mein.o
#        C:\Users\yuri_\Desktop\embarcados\EK-TM4C1294_IAR8\Projects\lab1\Debug\Obj\startup_TM4C1294.o
#        C:\Users\yuri_\Desktop\embarcados\EK-TM4C1294_IAR8\Projects\lab1\Debug\Obj\system_TM4C1294_TW.o
#        --no_out_extension -o
#        C:\Users\yuri_\Desktop\embarcados\EK-TM4C1294_IAR8\Projects\lab1\Debug\Exe\lab1.out
#        --map
#        C:\Users\yuri_\Desktop\embarcados\EK-TM4C1294_IAR8\Projects\lab1\Debug\List\lab1.map
#        --config "D:\Program Files (x86)\IAR Systems\Embedded Workbench
#        8.3\arm\config\linker\TexasInstruments\TM4C1294NC.icf" --semihosting
#        --entry __iar_program_start --vfe --text_out locale)
#
###############################################################################

*******************************************************************************
*** RUNTIME MODEL ATTRIBUTES
***

CppFlavor       = *
__SystemLibrary = DLib
__dlib_version  = 6


*******************************************************************************
*** HEAP SELECTION
***

The basic heap was selected because no calls to memory allocation
functions were found in the application outside of system library
functions, and there are calls to deallocation functions in the
application.


*******************************************************************************
*** PLACEMENT SUMMARY
***

"A0":  place at address 0x0 { ro section .intvec };
"P1":  place in [from 0x0 to 0xf'ffff] { ro };
define block CSTACK with size = 32K, alignment = 8 { };
define block HEAP with size = 64K, alignment = 8 { };
"P2":  place in [from 0x2000'0000 to 0x2003'ffff] {
          rw, block CSTACK, block HEAP };

  Section   Kind         Address    Size  Object
  -------   ----         -------    ----  ------
"A0":                              0x3c0
  .intvec   ro code          0x0   0x3c0  startup_TM4C1294.o [1]
                         - 0x3c0   0x3c0

"P1":                              0x78c
  .text     ro code        0x3c0   0x29c  sysctl.o [3]
  .rodata   const          0x65c   0x1b0  sysctl.o [3]
  .text     ro code        0x80c   0x152  gpio.o [3]
  .text     ro code        0x95e     0x2  startup_TM4C1294.o [1]
  .text     ro code        0x960    0xbc  mein.o [1]
  .rodata   const          0xa1c    0x6c  sysctl.o [3]
  .rodata   const          0xa88    0x30  sysctl.o [3]
  .text     ro code        0xab8    0x2c  system_TM4C1294_TW.o [1]
  .text     ro code        0xae4    0x1e  cmain.o [4]
  .text     ro code        0xb02     0x4  low_level_init.o [2]
  .text     ro code        0xb06     0x4  exit.o [2]
  .text     ro code        0xb0c     0xa  cexit.o [4]
  .text     ro code        0xb18    0x14  exit.o [5]
  .text     ro code        0xb2c    0x14  startup_TM4C1294.o [1]
  .text     ro code        0xb40     0xc  cstartup_M.o [4]
                         - 0xb4c   0x78c

"P2":                             0x8008
  .noinit   uninit   0x2000'0000     0x4  system_TM4C1294_TW.o [1]
  CSTACK             0x2000'0008  0x8000  <Block>
    CSTACK  uninit   0x2000'0008  0x8000  <Block tail>
                   - 0x2000'8008  0x8008

Unused ranges:

         From           To      Size
         ----           --      ----
        0xb4c     0xf'ffff  0xf'f4b4
  0x2000'8008  0x2003'ffff  0x3'7ff8



*******************************************************************************
*** MODULE SUMMARY
***

    Module                ro code  ro data  rw data
    ------                -------  -------  -------
command line/config:
    -----------------------------------------------
    Total:

C:\Users\yuri_\Desktop\embarcados\EK-TM4C1294_IAR8\Projects\lab1\Debug\Obj: [1]
    mein.o                    188
    startup_TM4C1294.o        982
    system_TM4C1294_TW.o       44                 4
    -----------------------------------------------
    Total:                  1'214                 4

dl7M_tln.a: [2]
    exit.o                      4
    low_level_init.o            4
    -----------------------------------------------
    Total:                      8

driverlib.a: [3]
    gpio.o                    338
    sysctl.o                  668      588
    -----------------------------------------------
    Total:                  1'006      588

rt7M_tl.a: [4]
    cexit.o                    10
    cmain.o                    30
    cstartup_M.o               12
    -----------------------------------------------
    Total:                     52

shb_l.a: [5]
    exit.o                     20
    -----------------------------------------------
    Total:                     20

    Gaps                        4
    Linker created                           32'768
---------------------------------------------------
    Grand Total:            2'304      588   32'772


*******************************************************************************
*** ENTRY LIST
***

Entry                       Address   Size  Type      Object
-----                       -------   ----  ----      ------
?main                         0xae5         Code  Gb  cmain.o [4]
CSTACK$$Base            0x2000'0008          --   Gb  - Linker created -
CSTACK$$Limit           0x2000'8008          --   Gb  - Linker created -
GPIODirModeSet                0x80d   0x28  Code  Gb  gpio.o [3]
GPIOPadConfigSet              0x835  0x102  Code  Gb  gpio.o [3]
GPIOPinRead                   0x937    0x8  Code  Gb  gpio.o [3]
GPIOPinTypeGPIOInput          0x943   0x14  Code  Gb  gpio.o [3]
Region$$Table$$Base             0x0          --   Gb  - Linker created -
Region$$Table$$Limit            0x0          --   Gb  - Linker created -
SysCtlClockFreqSet            0x421  0x1fc  Code  Gb  sysctl.o [3]
SysCtlPeripheralEnable        0x403    0x8  Code  Gb  sysctl.o [3]
SysCtlPeripheralReady         0x3e1    0x8  Code  Gb  sysctl.o [3]
SystemCoreClock         0x2000'0000    0x4  Data  Gb  system_TM4C1294_TW.o [1]
SystemInit                    0xab9   0x1a  Code  Gb  system_TM4C1294_TW.o [1]
_SysCtlMemTimingGet           0x3c1   0x20  Code  Lc  sysctl.o [3]
__Vectors                       0x0          --   Gb  startup_TM4C1294.o [1]
__Vectors_End                 0x3c0         Data  Gb  startup_TM4C1294.o [1]
__Vectors_Size {Abs}          0x3c0          --   Gb  startup_TM4C1294.o [1]
__cmain                       0xae5         Code  Gb  cmain.o [4]
__exit                        0xb19   0x14  Code  Gb  exit.o [5]
__iar_init_vfp                0xb35         Code  Wk  startup_TM4C1294.o [1]
__iar_program_start           0xb41         Code  Gb  cstartup_M.o [4]
__low_level_init              0xb03    0x4  Code  Gb  low_level_init.o [2]
__vector_table                  0x0         Data  Gb  startup_TM4C1294.o [1]
__vector_table_0x1c            0x1c         Data  Gb  startup_TM4C1294.o [1]
_call_main                    0xaf1         Code  Gb  cmain.o [4]
_exit                         0xb0d         Code  Gb  cexit.o [4]
_main                         0xaff         Code  Gb  cmain.o [4]
exit                          0xb07    0x4  Code  Gb  exit.o [2]
g_pppui32XTALtoVCO            0x65c  0x1b0  Data  Lc  sysctl.o [3]
g_pui32VCOFrequencies         0x654    0x8  Data  Lc  sysctl.o [3]
g_pui32Xtals                  0xa1c   0x6c  Data  Lc  sysctl.o [3]
g_sXTALtoMEMTIM               0xa88   0x30  Data  Lc  sysctl.o [3]
main                          0x961   0xbc  Code  Gb  mein.o [1]


[1] = C:\Users\yuri_\Desktop\embarcados\EK-TM4C1294_IAR8\Projects\lab1\Debug\Obj
[2] = dl7M_tln.a
[3] = driverlib.a
[4] = rt7M_tl.a
[5] = shb_l.a

   2'304 bytes of readonly  code memory
     588 bytes of readonly  data memory
  32'772 bytes of readwrite data memory

Errors: none
Warnings: none
